[INFO] Scanning for projects...
[INFO] 
[INFO] --------------------------< com.example:dwlr >--------------------------
[INFO] Building dwlr 0.0.1-SNAPSHOT
[INFO]   from pom.xml
[INFO] --------------------------------[ jar ]---------------------------------
[INFO] 
[INFO] --- clean:3.4.0:clean (default-clean) @ dwlr ---
[INFO] Deleting D:\Spring\dwlr\target
[INFO] 
[INFO] --- resources:3.3.1:resources (default-resources) @ dwlr ---
[INFO] Copying 1 resource from src\main\resources to target\classes
[INFO] Copying 0 resource from src\main\resources to target\classes
[INFO] 
[INFO] --- compiler:3.13.0:compile (default-compile) @ dwlr ---
[INFO] Recompiling the module because of changed source code.
[INFO] Compiling 7 source files with javac [debug parameters release 17] to target\classes
[INFO] Annotation processing is enabled because one or more processors were found
  on the class path. A future release of javac may disable annotation processing
  unless at least one processor is specified by name (-processor), or a search
  path is specified (--processor-path, --processor-module-path), or annotation
  processing is enabled explicitly (-proc:only, -proc:full).
  Use -Xlint:-options to suppress this message.
  Use -proc:none to disable annotation processing.
[INFO] 
[INFO] >>> vaadin:24.6.2:prepare-frontend (frontend) > :configure @ dwlr >>>
[INFO] 
[INFO] --- vaadin:24.6.2:configure (configure) @ dwlr ---
[INFO] 
[INFO] <<< vaadin:24.6.2:prepare-frontend (frontend) < :configure @ dwlr <<<
[INFO] 
[INFO] 
[INFO] --- vaadin:24.6.2:prepare-frontend (frontend) @ dwlr ---
[INFO] Reflections took 1802 ms to scan 228 urls, producing 10300 keys and 52790 values
[INFO] Visited 100 classes. Took 112 ms.
[INFO] Copying frontend resources from jar files ...
[INFO] Visited 216 resources. Took 41580 ms.
[INFO] 
[INFO] >>> vaadin:24.6.2:build-frontend (frontend) > :configure @ dwlr >>>
[INFO] 
[INFO] --- vaadin:24.6.2:configure (configure) @ dwlr ---
[INFO] 
[INFO] <<< vaadin:24.6.2:build-frontend (frontend) < :configure @ dwlr <<<
[INFO] 
[INFO] 
[INFO] --- vaadin:24.6.2:build-frontend (frontend) @ dwlr ---
[INFO] Scanning classes to find frontend configurations and dependencies...
[INFO] Visited 9623 classes. Took 4637 ms.
[INFO] Checking if a production mode bundle build is needed
[INFO] Frontend import @vaadin/combo-box/theme/lumo/vaadin-combo-box.js is missing from the bundle
[INFO] Frontend import Frontend/generated/jar-resources/comboBoxConnector.js is missing from the bundle
[INFO] Frontend import @vaadin/multi-select-combo-box/theme/lumo/vaadin-multi-select-combo-box.js is missing from the bundle
[INFO] Frontend import @vaadin/horizontal-layout/theme/lumo/vaadin-horizontal-layout.js is missing from the bundle
[INFO] A production mode bundle build is needed
[INFO] Skipping `npm install` because the frontend packages are already installed in the folder 'D:\Spring\dwlr\node_modules' and the hash in the file 'D:\Spring\dwlr\node_modules\.vaadin\vaadin.json' is the same as in 'package.json'
[INFO] Copying frontend resources from jar files ...
[INFO] Visited 216 resources. Took 154 ms.
[INFO] Running Vite ...
[INFO] Scanning classes to find frontend configurations and dependencies...
[INFO] Visited 9623 classes. Took 3173 ms.
[INFO] Build frontend completed in 112223 ms.
[INFO] 
[INFO] --- resources:3.3.1:testResources (default-testResources) @ dwlr ---
[INFO] skip non existing resourceDirectory D:\Spring\dwlr\src\test\resources
[INFO] 
[INFO] --- compiler:3.13.0:testCompile (default-testCompile) @ dwlr ---
[INFO] Recompiling the module because of changed dependency.
[INFO] Compiling 1 source file with javac [debug parameters release 17] to target\test-classes
[INFO] Annotation processing is enabled because one or more processors were found
  on the class path. A future release of javac may disable annotation processing
  unless at least one processor is specified by name (-processor), or a search
  path is specified (--processor-path, --processor-module-path), or annotation
  processing is enabled explicitly (-proc:only, -proc:full).
  Use -Xlint:-options to suppress this message.
  Use -proc:none to disable annotation processing.
[INFO] 
[INFO] --- surefire:3.5.2:test (default-test) @ dwlr ---
[INFO] Using auto detected provider org.apache.maven.surefire.junitplatform.JUnitPlatformProvider
[INFO] 
[INFO] -------------------------------------------------------
[INFO]  T E S T S
[INFO] -------------------------------------------------------
[INFO] Running com.example.dwlr.WaterQualityApplicationTests
10:48:56.454 [main] INFO org.springframework.boot.devtools.restart.RestartApplicationListener -- Restart disabled due to context in which it is running

  .   ____          _            __ _ _
 /\\ / ___'_ __ _ _(_)_ __  __ _ \ \ \ \
( ( )\___ | '_ | '_| | '_ \/ _` | \ \ \ \
 \\/  ___)| |_)| | | | | || (_| |  ) ) ) )
  '  |____| .__|_| |_|_| |_\__, | / / / /
 =========|_|==============|___/=/_/_/_/

 :: Spring Boot ::                (v3.4.2)

2025-02-01T10:48:56.855+05:30  INFO 1484 --- [water quality monitoring] [           main] c.e.dwlr.WaterQualityApplicationTests    : Starting WaterQualityApplicationTests using Java 21.0.2 with PID 1484 (started by USER in D:\Spring\dwlr)
2025-02-01T10:48:56.856+05:30  INFO 1484 --- [water quality monitoring] [           main] c.e.dwlr.WaterQualityApplicationTests    : No active profile set, falling back to 1 default profile: "default"
2025-02-01T10:48:58.471+05:30  INFO 1484 --- [water quality monitoring] [           main] .s.d.r.c.RepositoryConfigurationDelegate : Bootstrapping Spring Data MongoDB repositories in DEFAULT mode.
2025-02-01T10:48:58.634+05:30  INFO 1484 --- [water quality monitoring] [           main] .s.d.r.c.RepositoryConfigurationDelegate : Finished Spring Data repository scanning in 152 ms. Found 1 MongoDB repository interface.
2025-02-01T10:48:59.593+05:30  INFO 1484 --- [water quality monitoring] [           main] org.mongodb.driver.client                : MongoClient with metadata {"driver": {"name": "mongo-java-driver|sync|spring-boot", "version": "5.2.1"}, "os": {"type": "Windows", "name": "Windows 11", "architecture": "amd64", "version": "10.0"}, "platform": "Java/Oracle Corporation/21.0.2+13-LTS-58"} created with settings MongoClientSettings{readPreference=primary, writeConcern=WriteConcern{w=null, wTimeout=null ms, journal=null}, retryWrites=true, retryReads=true, readConcern=ReadConcern{level=null}, credential=null, transportSettings=null, commandListeners=[io.micrometer.core.instrument.binder.mongodb.MongoMetricsCommandListener@6987a133], codecRegistry=ProvidersCodecRegistry{codecProviders=[ValueCodecProvider{}, BsonValueCodecProvider{}, DBRefCodecProvider{}, DBObjectCodecProvider{}, DocumentCodecProvider{}, CollectionCodecProvider{}, IterableCodecProvider{}, MapCodecProvider{}, GeoJsonCodecProvider{}, GridFSFileCodecProvider{}, Jsr310CodecProvider{}, JsonObjectCodecProvider{}, BsonCodecProvider{}, EnumCodecProvider{}, com.mongodb.client.model.mql.ExpressionCodecProvider@50778bde, com.mongodb.Jep395RecordCodecProvider@1934339, com.mongodb.KotlinCodecProvider@4af12a63]}, loggerSettings=LoggerSettings{maxDocumentLength=1000}, clusterSettings={hosts=[localhost:27017], srvServiceName=mongodb, mode=SINGLE, requiredClusterType=UNKNOWN, requiredReplicaSetName='null', serverSelector='null', clusterListeners='[]', serverSelectionTimeout='30000 ms', localThreshold='15 ms'}, socketSettings=SocketSettings{connectTimeoutMS=10000, readTimeoutMS=0, receiveBufferSize=0, proxySettings=ProxySettings{host=null, port=null, username=null, password=null}}, heartbeatSocketSettings=SocketSettings{connectTimeoutMS=10000, readTimeoutMS=10000, receiveBufferSize=0, proxySettings=ProxySettings{host=null, port=null, username=null, password=null}}, connectionPoolSettings=ConnectionPoolSettings{maxSize=100, minSize=0, maxWaitTimeMS=120000, maxConnectionLifeTimeMS=0, maxConnectionIdleTimeMS=0, maintenanceInitialDelayMS=0, maintenanceFrequencyMS=60000, connectionPoolListeners=[io.micrometer.core.instrument.binder.mongodb.MongoMetricsConnectionPoolListener@1eab8437], maxConnecting=2}, serverSettings=ServerSettings{heartbeatFrequencyMS=10000, minHeartbeatFrequencyMS=500, serverMonitoringMode=AUTO, serverListeners='[]', serverMonitorListeners='[]'}, sslSettings=SslSettings{enabled=false, invalidHostNameAllowed=false, context=null}, applicationName='null', compressorList=[], uuidRepresentation=JAVA_LEGACY, serverApi=null, autoEncryptionSettings=null, dnsClient=null, inetAddressResolver=null, contextProvider=null, timeoutMS=null}
2025-02-01T10:48:59.652+05:30  INFO 1484 --- [water quality monitoring] [localhost:27017] org.mongodb.driver.cluster               : Monitor thread successfully connected to server with description ServerDescription{address=localhost:27017, type=STANDALONE, cryptd=false, state=CONNECTED, ok=true, minWireVersion=0, maxWireVersion=25, maxDocumentSize=16777216, logicalSessionTimeoutMinutes=30, roundTripTimeNanos=49779600, minRoundTripTimeNanos=0}
2025-02-01T10:49:00.844+05:30  INFO 1484 --- [water quality monitoring] [           main] org.atmosphere.cpr.AtmosphereFramework   : Installed AtmosphereHandler com.vaadin.hilla.push.PushEndpoint mapped to context-path: /HILLA/push
2025-02-01T10:49:00.845+05:30  INFO 1484 --- [water quality monitoring] [           main] org.atmosphere.cpr.AtmosphereFramework   : Installed the following AtmosphereInterceptor mapped to AtmosphereHandler com.vaadin.hilla.push.PushEndpoint
2025-02-01T10:49:00.845+05:30  INFO 1484 --- [water quality monitoring] [           main] org.atmosphere.cpr.AtmosphereFramework   : 	org.atmosphere.interceptor.AtmosphereResourceLifecycleInterceptor : Atmosphere LifeCycle
2025-02-01T10:49:00.845+05:30  INFO 1484 --- [water quality monitoring] [           main] org.atmosphere.cpr.AtmosphereFramework   : 	org.atmosphere.client.TrackMessageSizeInterceptor :  Track Message Size Interceptor using |
2025-02-01T10:49:00.846+05:30  INFO 1484 --- [water quality monitoring] [           main] org.atmosphere.cpr.AtmosphereFramework   : 	org.atmosphere.interceptor.SuspendTrackerInterceptor : UUID Tracking Interceptor
2025-02-01T10:49:01.233+05:30  INFO 1484 --- [water quality monitoring] [           main] o.s.b.a.e.web.EndpointLinksResolver      : Exposing 1 endpoint beneath base path '/actuator'
2025-02-01T10:49:01.362+05:30  INFO 1484 --- [water quality monitoring] [           main] c.e.dwlr.WaterQualityApplicationTests    : Started WaterQualityApplicationTests in 4.929 seconds (process running for 6.089)
[INFO] Tests run: 1, Failures: 0, Errors: 0, Skipped: 0, Time elapsed: 6.435 s -- in com.example.dwlr.WaterQualityApplicationTests
[INFO] 
[INFO] Results:
[INFO] 
[INFO] Tests run: 1, Failures: 0, Errors: 0, Skipped: 0
[INFO] 
[INFO] 
[INFO] --- jar:3.4.2:jar (default-jar) @ dwlr ---
[INFO] Building jar: D:\Spring\dwlr\target\dwlr-0.0.1-SNAPSHOT.jar
[INFO] 
[INFO] --- spring-boot:3.4.2:repackage (repackage) @ dwlr ---
[INFO] Replacing main artifact D:\Spring\dwlr\target\dwlr-0.0.1-SNAPSHOT.jar with repackaged archive, adding nested dependencies in BOOT-INF/.
[INFO] The original artifact has been renamed to D:\Spring\dwlr\target\dwlr-0.0.1-SNAPSHOT.jar.original
[INFO] 
[INFO] --- install:3.1.3:install (default-install) @ dwlr ---
[INFO] Installing D:\Spring\dwlr\pom.xml to C:\Users\USER\.m2\repository\com\example\dwlr\0.0.1-SNAPSHOT\dwlr-0.0.1-SNAPSHOT.pom
[INFO] Installing D:\Spring\dwlr\target\dwlr-0.0.1-SNAPSHOT.jar to C:\Users\USER\.m2\repository\com\example\dwlr\0.0.1-SNAPSHOT\dwlr-0.0.1-SNAPSHOT.jar
[INFO] ------------------------------------------------------------------------
[INFO] BUILD SUCCESS
[INFO] ------------------------------------------------------------------------
[INFO] Total time:  03:00 min
[INFO] Finished at: 2025-02-01T10:49:04+05:30
[INFO] ------------------------------------------------------------------------
